Using pre-set license
Built from '2022.3/staging' branch; Version is '2022.3.27f1 (73effa14754f) revision 7598074'; Using compiler version '192829333'; Build Type 'Release'
OS: 'Windows 10  (10.0.19045) 64bit Professional' Language: 'en' Physical Memory: 32509 MB
BatchMode: 1, IsHumanControllingUs: 0, StartBugReporterOnCrash: 0, Is64bit: 1, IsPro: 1

COMMAND LINE ARGUMENTS:
E:\UnityHub\Editor\2022.3.27f1\Editor\Unity.exe
-adb2
-batchMode
-noUpm
-name
AssetImportWorker11
-projectPath
E:/ProjectGitHub/Match_3_Unity
-logFile
Logs/AssetImportWorker11.log
-srvPort
60025
Successfully changed project path to: E:/ProjectGitHub/Match_3_Unity
E:/ProjectGitHub/Match_3_Unity
[UnityMemory] Configuration Parameters - Can be set up in boot.config
    "memorysetup-bucket-allocator-granularity=16"
    "memorysetup-bucket-allocator-bucket-count=8"
    "memorysetup-bucket-allocator-block-size=33554432"
    "memorysetup-bucket-allocator-block-count=8"
    "memorysetup-main-allocator-block-size=16777216"
    "memorysetup-thread-allocator-block-size=16777216"
    "memorysetup-gfx-main-allocator-block-size=16777216"
    "memorysetup-gfx-thread-allocator-block-size=16777216"
    "memorysetup-cache-allocator-block-size=4194304"
    "memorysetup-typetree-allocator-block-size=2097152"
    "memorysetup-profiler-bucket-allocator-granularity=16"
    "memorysetup-profiler-bucket-allocator-bucket-count=8"
    "memorysetup-profiler-bucket-allocator-block-size=33554432"
    "memorysetup-profiler-bucket-allocator-block-count=8"
    "memorysetup-profiler-allocator-block-size=16777216"
    "memorysetup-profiler-editor-allocator-block-size=1048576"
    "memorysetup-temp-allocator-size-main=16777216"
    "memorysetup-job-temp-allocator-block-size=2097152"
    "memorysetup-job-temp-allocator-block-size-background=1048576"
    "memorysetup-job-temp-allocator-reduction-small-platforms=262144"
    "memorysetup-allocator-temp-initial-block-size-main=262144"
    "memorysetup-allocator-temp-initial-block-size-worker=262144"
    "memorysetup-temp-allocator-size-background-worker=32768"
    "memorysetup-temp-allocator-size-job-worker=262144"
    "memorysetup-temp-allocator-size-preload-manager=33554432"
    "memorysetup-temp-allocator-size-nav-mesh-worker=65536"
    "memorysetup-temp-allocator-size-audio-worker=65536"
    "memorysetup-temp-allocator-size-cloud-worker=32768"
    "memorysetup-temp-allocator-size-gi-baking-worker=262144"
    "memorysetup-temp-allocator-size-gfx=262144"
Player connection [36212] Host "[IP] 192.168.1.81 [Port] 0 [Flags] 2 [Guid] 1289289839 [EditorId] 1289289839 [Version] 1048832 [Id] WindowsEditor(7,DESKTOP-9K2MQCM) [Debug] 1 [PackageName] WindowsEditor [ProjectName] Editor" joined multi-casting on [225.0.0.222:54997]...

Player connection [36212] Host "[IP] 192.168.1.81 [Port] 0 [Flags] 2 [Guid] 1289289839 [EditorId] 1289289839 [Version] 1048832 [Id] WindowsEditor(7,DESKTOP-9K2MQCM) [Debug] 1 [PackageName] WindowsEditor [ProjectName] Editor" joined alternative multi-casting on [225.0.0.222:34997]...

[Physics::Module] Initialized MultithreadedJobDispatcher with 11 workers.
Refreshing native plugins compatible for Editor in 6.17 ms, found 1 plugins.
Preloading 0 native plugins for Editor in 0.00 ms.
Initialize engine version: 2022.3.27f1 (73effa14754f)
[Subsystems] Discovering subsystems at path E:/UnityHub/Editor/2022.3.27f1/Editor/Data/Resources/UnitySubsystems
[Subsystems] Discovering subsystems at path E:/ProjectGitHub/Match_3_Unity/Assets
GfxDevice: creating device client; threaded=0; jobified=0
Direct3D:
    Version:  Direct3D 11.0 [level 11.1]
    Renderer: NVIDIA GeForce GTX 1650 (ID=0x1f0a)
    Vendor:   NVIDIA
    VRAM:     3935 MB
    Driver:   32.0.15.9579
Initialize mono
Mono path[0] = 'E:/UnityHub/Editor/2022.3.27f1/Editor/Data/Managed'
Mono path[1] = 'E:/UnityHub/Editor/2022.3.27f1/Editor/Data/MonoBleedingEdge/lib/mono/unityjit-win32'
Mono config path = 'E:/UnityHub/Editor/2022.3.27f1/Editor/Data/MonoBleedingEdge/etc'
Using monoOptions --debugger-agent=transport=dt_socket,embedding=1,server=y,suspend=n,address=127.0.0.1:56112
Begin MonoManager ReloadAssembly
Registering precompiled unity dll's ...
Register platform support module: E:/UnityHub/Editor/2022.3.27f1/Editor/Data/PlaybackEngines/AndroidPlayer/UnityEditor.Android.Extensions.dll
Register platform support module: E:/UnityHub/Editor/2022.3.27f1/Editor/Data/PlaybackEngines/WindowsStandaloneSupport/UnityEditor.WindowsStandalone.Extensions.dll
Registered in 0.002831 seconds.
- Loaded All Assemblies, in  0.261 seconds
Native extension for WindowsStandalone target not found
Native extension for Android target not found
Android Extension - Scanning For ADB Devices 220 ms
Mono: successfully reloaded assembly
- Finished resetting the current domain, in  0.482 seconds
Domain Reload Profiling: 743ms
	BeginReloadAssembly (81ms)
		ExecutionOrderSort (0ms)
		DisableScriptedObjects (0ms)
		BackupInstance (0ms)
		ReleaseScriptingObjects (0ms)
		CreateAndSetChildDomain (1ms)
	RebuildCommonClasses (25ms)
	RebuildNativeTypeToScriptingClass (8ms)
	initialDomainReloadingComplete (39ms)
	LoadAllAssembliesAndSetupDomain (107ms)
		LoadAssemblies (81ms)
		RebuildTransferFunctionScriptingTraits (0ms)
		AnalyzeDomain (106ms)
			TypeCache.Refresh (104ms)
				TypeCache.ScanAssembly (95ms)
			ScanForSourceGeneratedMonoScriptInfo (0ms)
			ResolveRequiredComponents (0ms)
	FinalizeReload (483ms)
		ReleaseScriptCaches (0ms)
		RebuildScriptCaches (0ms)
		SetupLoadedEditorAssemblies (435ms)
			LogAssemblyErrors (0ms)
			InitializePlatformSupportModulesInManaged (307ms)
			SetLoadedEditorAssemblies (3ms)
			RefreshPlugins (0ms)
			BeforeProcessingInitializeOnLoad (2ms)
			ProcessInitializeOnLoadAttributes (85ms)
			ProcessInitializeOnLoadMethodAttributes (38ms)
			AfterProcessingInitializeOnLoad (0ms)
			EditorAssembliesLoaded (0ms)
		ExecutionOrderSort2 (0ms)
		AwakeInstancesAfterBackupRestoration (0ms)
========================================================================
Worker process is ready to serve import requests
Begin MonoManager ReloadAssembly
- Loaded All Assemblies, in  0.409 seconds
Refreshing native plugins compatible for Editor in 1.08 ms, found 1 plugins.
Native extension for WindowsStandalone target not found
Native extension for Android target not found
Mono: successfully reloaded assembly
- Finished resetting the current domain, in  0.315 seconds
Domain Reload Profiling: 724ms
	BeginReloadAssembly (125ms)
		ExecutionOrderSort (0ms)
		DisableScriptedObjects (5ms)
		BackupInstance (0ms)
		ReleaseScriptingObjects (0ms)
		CreateAndSetChildDomain (19ms)
	RebuildCommonClasses (28ms)
	RebuildNativeTypeToScriptingClass (8ms)
	initialDomainReloadingComplete (33ms)
	LoadAllAssembliesAndSetupDomain (215ms)
		LoadAssemblies (202ms)
		RebuildTransferFunctionScriptingTraits (0ms)
		AnalyzeDomain (85ms)
			TypeCache.Refresh (70ms)
				TypeCache.ScanAssembly (59ms)
			ScanForSourceGeneratedMonoScriptInfo (8ms)
			ResolveRequiredComponents (5ms)
	FinalizeReload (316ms)
		ReleaseScriptCaches (0ms)
		RebuildScriptCaches (0ms)
		SetupLoadedEditorAssemblies (210ms)
			LogAssemblyErrors (0ms)
			InitializePlatformSupportModulesInManaged (17ms)
			SetLoadedEditorAssemblies (3ms)
			RefreshPlugins (0ms)
			BeforeProcessingInitializeOnLoad (36ms)
			ProcessInitializeOnLoadAttributes (136ms)
			ProcessInitializeOnLoadMethodAttributes (16ms)
			AfterProcessingInitializeOnLoad (2ms)
			EditorAssembliesLoaded (0ms)
		ExecutionOrderSort2 (0ms)
		AwakeInstancesAfterBackupRestoration (5ms)
Launched and connected shader compiler UnityShaderCompiler.exe after 0.04 seconds
Refreshing native plugins compatible for Editor in 1.11 ms, found 1 plugins.
Preloading 0 native plugins for Editor in 0.00 ms.
Unloading 2340 Unused Serialized files (Serialized files now loaded: 0)
Unloading 28 unused Assets / (53.3 KB). Loaded Objects now: 2819.
Memory consumption went from 110.3 MB to 110.3 MB.
Total: 2.246500 ms (FindLiveObjects: 0.172500 ms CreateObjectMapping: 0.099000 ms MarkObjects: 1.840800 ms  DeleteObjects: 0.133300 ms)

AssetImportParameters requested are different than current active one (requested -> active):
  custom:scripting/monoscript/fileName/GoSmoothedVector3.cs: 3a6ceb396859da913cbecdd1940e0aa2 -> 
  custom:scripting/monoscript/fileName/EulerAnglesTweenProperty.cs: 7a2321a8c63f28c3857aa33414a11270 -> 
  custom:video-decoder-webm-vp8: 9c59270c3fd7afecdb556c50c9e8de78 -> 
  custom:scripting/monoscript/fileName/IGenericProperty.cs: f404e27010d8ce1a25f7cc2ac06431ac -> 
  custom:scripting/monoscript/fileName/GoEaseSinusoidal.cs: e637d6b7456e2acd06dfd152f10b71d1 -> 
  custom:scripting/monoscript/fileName/GoSplineCatmullRomSolver.cs: 8bbd4e9dc2722b25540d14d500b88879 -> 
  custom:scripting/monoscript/fileName/IntTweenProperty.cs: 1f39418055dd7708ff3b9e75a86d93a1 -> 
  custom:scripting/monoscript/fileName/Vector3YTweenProperty.cs: 2b996e9222bddad772657bb084e9da48 -> 
  custom:scripting/monoscript/fileName/GoEaseQuintic.cs: 672086238d051af0856016e64ad97204 -> 
  custom:scripting/monoscript/fileName/GoEaseCubic.cs: 7d74fd43480e52f793e3086826193b77 -> 
  custom:SearchIndexIgnoredProperties: e643bd26f0fe6173181afceb89e7c659 -> 
  custom:scripting/monoscript/fileName/GoSmoothedQuaternion.cs: 92de95a3ce149743e526859a8d0255c5 -> 
  custom:container-demuxer-ogg: 62fdf1f143b41e24485cea50d1cbac27 -> 
  custom:AudioImporter_EditorPlatform: d09bf68614088b80899f8185d706f6e7 -> 
  custom:scripting/monoscript/fileName/ShakeTweenProperty.cs: fdb713005206085d3b49cdd6b2d15f80 -> 
  custom:scripting/monoscript/fileName/Vector2TweenProperty.cs: d7a25a544d56d947d9526019347f1f6e -> 
  custom:scripting/monoscript/fileName/GoKitTweenExtensions.cs: 28ee7421c4d34eb9c057646838e28859 -> 
  custom:scripting/monoscript/fileName/Vector3XTweenProperty.cs: 9592582ea2f541a8cf92ba7dd7dd85f2 -> 
  custom:scripting/monoscript/fileName/Go.cs: 840adb47e0f4be71eeea7168442feb7d -> 
  custom:scripting/monoscript/fileName/ColorTweenProperty.cs: 94ba4bee52d153d3fd58a82d4cf8ce0c -> 
  custom:scripting/monoscript/fileName/GoEaseLinear.cs: b690756fd76817f101a31dcd50ae4adc -> 
  custom:scripting/monoscript/fileName/GoEaseExponential.cs: 8f890ce1f0130e8014d1a219fa0d7904 -> 
  custom:scripting/monoscript/fileName/ScaleTweenProperty.cs: 068e501b322923caa36166fe86d472e5 -> 
  custom:video-decoder-ogg-theora: a1e56fd34408186e4bbccfd4996cb3dc -> 
  custom:scripting/monoscript/fileName/GoSpline.cs: 8039f73cfdc174dc6ffa15343c307f29 -> 
  custom:scripting/monoscript/fileName/GoTweenFlow.cs: ce7a11a1fb9e8397b83cab3847ba7970 -> 
  custom:scripting/monoscript/fileName/GoEaseQuartic.cs: d34853ce84f33fe9033901002d4ff793 -> 
  custom:framework-win-MediaFoundation: 216162199b28c13a410421893ffa2e32 -> 
  custom:scripting/monoscript/fileName/GoEaseBounce.cs: e71b365170d63025c159c4756b1910b2 -> 
  custom:scripting/monoscript/fileName/GoSplineQuadraticBezierSolver.cs: 44dee8c5fd496e5eb749f54d83d1397e -> 
  custom:scripting/monoscript/fileName/GoEaseQuadratic.cs: e3ed230c2d29b99c6f642587e4ad0e5d -> 
  custom:scripting/monoscript/fileName/MaterialColorTweenProperty.cs: f6d4ed9537ac95d7564838fa4e660e7d -> 
  custom:scripting/monoscript/fileName/GoEaseCircular.cs: 84a2009340e8431314db7056edf1bd68 -> 
  custom:scripting/monoscript/fileName/PositionPathTweenProperty.cs: efde40660de14fd7cd1ede2fa47e9837 -> 
  custom:video-encoder-webm-vp8: eb34c28f22e8b96e1ab97ce403110664 -> 
  custom:scripting/monoscript/fileName/FloatTweenProperty.cs: 48aea3a8bbe79ca6e0baa81dc186bdfd -> 
  custom:scripting/monoscript/fileName/GoTweenChain.cs: f9995827e6ddafabc43c1b0e0dcfd886 -> 
  custom:scripting/monoscript/fileName/GoTweenCollectionConfig.cs: 37c99bdc8dc674650bd69bc44bb2e57b -> 
  custom:audio-decoder-ogg-vorbis: bf7c407c2cedff20999df2af8eb42d56 -> 
  custom:scripting/monoscript/fileName/AbstractQuaternionTweenProperty.cs: 65ceda31db804ab1e0e34f0e48afa285 -> 
  custom:scripting/monoscript/fileName/AbstractColorTweenProperty.cs: bba0da230ed56fc0a25af92f6a3e377e -> 
  custom:scripting/monoscript/fileName/AbstractVector3TweenProperty.cs: 6aa4defef7531529f4ddc1516936e2e3 -> 
  custom:CustomObjectIndexerAttribute: 9a22284fe3817be447336de3de66b15e -> 
  custom:scripting/monoscript/fileName/Vector4TweenProperty.cs: 18bb73739ede80588b5bfadcee873907 -> 
  custom:scripting/monoscript/fileName/GoEaseBack.cs: 3f6e00793ada35f633abc2146480990e -> 
  custom:container-demuxer-webm: 4f35f7cbe854078d1ac9338744f61a02 -> 
  custom:scripting/monoscript/fileName/GoTweenConfig.cs: 5b3154c82824c20addf84e8652f51cfe -> 
  custom:scripting/monoscript/fileName/RotationQuaternionTweenProperty.cs: e0d94af0c913b0be4cd670833a2cda91 -> 
  custom:scripting/monoscript/fileName/GoTweenUtils.cs: 867d37edf69335bc6e54784197f28064 -> 
  custom:scripting/monoscript/fileName/GoSplineCubicBezierSolver.cs: 6d81419c64f7c334f4359254f1cbade0 -> 
  custom:audio-encoder-webm-vorbis: bf7c407c2cedff20999df2af8eb42d56 -> 
  custom:scripting/monoscript/fileName/ScalePathTweenProperty.cs: 816c1a788eca415c60d1b7e87fb103fe -> 
  custom:scripting/monoscript/fileName/GoEaseElastic.cs: f0cafb366ac4251d5c35fe413d3f62f6 -> 
  custom:scripting/monoscript/fileName/GoDummyPath.cs: a21201ab2fac2187e4faeaf08bb4ec90 -> 
  custom:scripting/monoscript/fileName/PositionTweenProperty.cs: e367a96b2cbc0b819bff5d0620f4b258 -> 
  custom:scripting/monoscript/fileName/Vector3TweenProperty.cs: 8e9f9d7bb7b15068d97f4d593f097c86 -> 
  custom:scripting/monoscript/fileName/AbstractGoTween.cs: 3bdc69e313ad58745cd33c4b74e6a709 -> 
  custom:scripting/monoscript/fileName/GoSplineStraightLineSolver.cs: b6a3907f2ead3ba9ac17ad3fdd121ec9 -> 
  custom:scripting/monoscript/fileName/AbstractGoTweenCollection.cs: 61d9f5f358696a7942516ed78ffe7e98 -> 
  custom:scripting/monoscript/fileName/Vector3PathTweenProperty.cs: 94848aa2e96060cfeaf83844ee158f0c -> 
  custom:scripting/monoscript/fileName/Vector3ZTweenProperty.cs: 35595634a87246c4e13691b1563178c5 -> 
  custom:scripting/monoscript/fileName/AbstractTweenProperty.cs: c71b2ece20cb4e1e30772e574c806625 -> 
  custom:container-muxer-webm: aa71ff27fc2769a1b78a27578f13a17b -> 
  custom:scripting/monoscript/fileName/AbstractGoSplineSolver.cs: 788a6b8052af6ee0371d3a464e692d1b -> 
  custom:scripting/monoscript/fileName/GoTween.cs: 4df5a8b9fefcbd8a2b5d6fe6223ee62f -> 
  custom:scripting/monoscript/fileName/RotationTweenProperty.cs: 13e7fbd741208cd89873755249a873a9 -> 
========================================================================
Received Import Request.
  Time since last request: 1204403.600975 seconds.
  path: Assets/Prefabs/Attack.prefab
  artifactKey: Guid(b70e5b7f61cc529439c8efdc6d72dab9) Importer(815301076,1909f56bfc062723c751e8b465ee728b)
Start importing Assets/Prefabs/Attack.prefab using Guid(b70e5b7f61cc529439c8efdc6d72dab9) Importer(815301076,1909f56bfc062723c751e8b465ee728b)  -> (artifact id: 'aa48665be5cb2b044df1bec60e610f81') in 0.096100 seconds
Number of updated asset objects reloaded before import = 0
Number of asset objects unloaded after import = 21
========================================================================
Received Import Request.
  Time since last request: 2.298167 seconds.
  path: Assets/Prefabs/Heart.prefab
  artifactKey: Guid(04eadc8c790030b44be3e2656c4435ea) Importer(815301076,1909f56bfc062723c751e8b465ee728b)
Start importing Assets/Prefabs/Heart.prefab using Guid(04eadc8c790030b44be3e2656c4435ea) Importer(815301076,1909f56bfc062723c751e8b465ee728b)  -> (artifact id: 'a215e922abbdf095d18b5ddc6932124b') in 0.018216 seconds
Number of updated asset objects reloaded before import = 0
Number of asset objects unloaded after import = 21
========================================================================
Received Import Request.
  Time since last request: 2.367996 seconds.
  path: Assets/Prefabs/Mana.prefab
  artifactKey: Guid(c739f479e38193b4d9e8e5f64d6fe48d) Importer(815301076,1909f56bfc062723c751e8b465ee728b)
Start importing Assets/Prefabs/Mana.prefab using Guid(c739f479e38193b4d9e8e5f64d6fe48d) Importer(815301076,1909f56bfc062723c751e8b465ee728b)  -> (artifact id: '61d87e009820d7f4cb7d6cdffb3d9323') in 0.022066 seconds
Number of updated asset objects reloaded before import = 0
Number of asset objects unloaded after import = 21
========================================================================
Received Import Request.
  Time since last request: 2.982231 seconds.
  path: Assets/Prefabs/Armor.prefab
  artifactKey: Guid(f035ced4b9e14ae45b87e74f22d1fc37) Importer(815301076,1909f56bfc062723c751e8b465ee728b)
Start importing Assets/Prefabs/Armor.prefab using Guid(f035ced4b9e14ae45b87e74f22d1fc37) Importer(815301076,1909f56bfc062723c751e8b465ee728b)  -> (artifact id: 'd489128cf611b92b2e2416b04689490e') in 0.017659 seconds
Number of updated asset objects reloaded before import = 0
Number of asset objects unloaded after import = 21
========================================================================
Received Import Request.
  Time since last request: 2.374538 seconds.
  path: Assets/Prefabs/Absorb.prefab
  artifactKey: Guid(f8731bdc219cec744ace9a71f469370a) Importer(815301076,1909f56bfc062723c751e8b465ee728b)
Start importing Assets/Prefabs/Absorb.prefab using Guid(f8731bdc219cec744ace9a71f469370a) Importer(815301076,1909f56bfc062723c751e8b465ee728b)  -> (artifact id: '872c812c5571bb2abd92bdf7ef6286c5') in 0.023729 seconds
Number of updated asset objects reloaded before import = 0
Number of asset objects unloaded after import = 21
========================================================================
Received Import Request.
  Time since last request: 2.909505 seconds.
  path: Assets/Prefabs/Absorb.prefab
  artifactKey: Guid(f8731bdc219cec744ace9a71f469370a) Importer(815301076,1909f56bfc062723c751e8b465ee728b)
Start importing Assets/Prefabs/Absorb.prefab using Guid(f8731bdc219cec744ace9a71f469370a) Importer(815301076,1909f56bfc062723c751e8b465ee728b)  -> (artifact id: '3c9540d211c5d992c84287544e6ebfc3') in 0.028168 seconds
Number of updated asset objects reloaded before import = 0
Number of asset objects unloaded after import = 21
========================================================================
Received Import Request.
  Time since last request: 0.000014 seconds.
  path: Assets/Prefabs/Heart.prefab
  artifactKey: Guid(04eadc8c790030b44be3e2656c4435ea) Importer(815301076,1909f56bfc062723c751e8b465ee728b)
Start importing Assets/Prefabs/Heart.prefab using Guid(04eadc8c790030b44be3e2656c4435ea) Importer(815301076,1909f56bfc062723c751e8b465ee728b)  -> (artifact id: 'aea2fa4faa0cf0f15ff483276e586055') in 0.026214 seconds
Number of updated asset objects reloaded before import = 0
Number of asset objects unloaded after import = 21
========================================================================
Received Prepare
Begin MonoManager ReloadAssembly
- Loaded All Assemblies, in  0.293 seconds
Refreshing native plugins compatible for Editor in 1.12 ms, found 1 plugins.
Native extension for WindowsStandalone target not found
Native extension for Android target not found
Mono: successfully reloaded assembly
- Finished resetting the current domain, in  0.372 seconds
Domain Reload Profiling: 665ms
	BeginReloadAssembly (126ms)
		ExecutionOrderSort (0ms)
		DisableScriptedObjects (3ms)
		BackupInstance (0ms)
		ReleaseScriptingObjects (0ms)
		CreateAndSetChildDomain (22ms)
	RebuildCommonClasses (23ms)
	RebuildNativeTypeToScriptingClass (8ms)
	initialDomainReloadingComplete (18ms)
	LoadAllAssembliesAndSetupDomain (118ms)
		LoadAssemblies (185ms)
		RebuildTransferFunctionScriptingTraits (0ms)
		AnalyzeDomain (11ms)
			TypeCache.Refresh (5ms)
				TypeCache.ScanAssembly (0ms)
			ScanForSourceGeneratedMonoScriptInfo (0ms)
			ResolveRequiredComponents (5ms)
	FinalizeReload (373ms)
		ReleaseScriptCaches (0ms)
		RebuildScriptCaches (0ms)
		SetupLoadedEditorAssemblies (187ms)
			LogAssemblyErrors (0ms)
			InitializePlatformSupportModulesInManaged (16ms)
			SetLoadedEditorAssemblies (2ms)
			RefreshPlugins (0ms)
			BeforeProcessingInitializeOnLoad (39ms)
			ProcessInitializeOnLoadAttributes (112ms)
			ProcessInitializeOnLoadMethodAttributes (16ms)
			AfterProcessingInitializeOnLoad (3ms)
			EditorAssembliesLoaded (0ms)
		ExecutionOrderSort2 (0ms)
		AwakeInstancesAfterBackupRestoration (6ms)
Refreshing native plugins compatible for Editor in 1.16 ms, found 1 plugins.
Preloading 0 native plugins for Editor in 0.00 ms.
Unloading 2319 Unused Serialized files (Serialized files now loaded: 0)
Unloading 21 unused Assets / (26.9 KB). Loaded Objects now: 2830.
Memory consumption went from 105.6 MB to 105.6 MB.
Total: 2.009000 ms (FindLiveObjects: 0.139500 ms CreateObjectMapping: 0.059800 ms MarkObjects: 1.749600 ms  DeleteObjects: 0.059300 ms)

Prepare: number of updated asset objects reloaded= 0
AssetImportParameters requested are different than current active one (requested -> active):
  custom:scripting/monoscript/fileName/GoSmoothedVector3.cs: 3a6ceb396859da913cbecdd1940e0aa2 -> 
  custom:scripting/monoscript/fileName/EulerAnglesTweenProperty.cs: 7a2321a8c63f28c3857aa33414a11270 -> 
  custom:video-decoder-webm-vp8: 9c59270c3fd7afecdb556c50c9e8de78 -> 
  custom:scripting/monoscript/fileName/IGenericProperty.cs: f404e27010d8ce1a25f7cc2ac06431ac -> 
  custom:scripting/monoscript/fileName/GoEaseSinusoidal.cs: e637d6b7456e2acd06dfd152f10b71d1 -> 
  custom:scripting/monoscript/fileName/GoSplineCatmullRomSolver.cs: 8bbd4e9dc2722b25540d14d500b88879 -> 
  custom:scripting/monoscript/fileName/IntTweenProperty.cs: 1f39418055dd7708ff3b9e75a86d93a1 -> 
  custom:scripting/monoscript/fileName/Vector3YTweenProperty.cs: 2b996e9222bddad772657bb084e9da48 -> 
  custom:scripting/monoscript/fileName/GoEaseQuintic.cs: 672086238d051af0856016e64ad97204 -> 
  custom:scripting/monoscript/fileName/GoEaseCubic.cs: 7d74fd43480e52f793e3086826193b77 -> 
  custom:SearchIndexIgnoredProperties: e643bd26f0fe6173181afceb89e7c659 -> 
  custom:scripting/monoscript/fileName/GoSmoothedQuaternion.cs: 92de95a3ce149743e526859a8d0255c5 -> 
  custom:container-demuxer-ogg: 62fdf1f143b41e24485cea50d1cbac27 -> 
  custom:AudioImporter_EditorPlatform: d09bf68614088b80899f8185d706f6e7 -> 
  custom:scripting/monoscript/fileName/ShakeTweenProperty.cs: fdb713005206085d3b49cdd6b2d15f80 -> 
  custom:scripting/monoscript/fileName/Vector2TweenProperty.cs: d7a25a544d56d947d9526019347f1f6e -> 
  custom:scripting/monoscript/fileName/GoKitTweenExtensions.cs: 28ee7421c4d34eb9c057646838e28859 -> 
  custom:scripting/monoscript/fileName/Vector3XTweenProperty.cs: 9592582ea2f541a8cf92ba7dd7dd85f2 -> 
  custom:scripting/monoscript/fileName/Go.cs: 840adb47e0f4be71eeea7168442feb7d -> 
  custom:scripting/monoscript/fileName/ColorTweenProperty.cs: 94ba4bee52d153d3fd58a82d4cf8ce0c -> 
  custom:scripting/monoscript/fileName/GoEaseLinear.cs: b690756fd76817f101a31dcd50ae4adc -> 
  custom:scripting/monoscript/fileName/GoEaseExponential.cs: 8f890ce1f0130e8014d1a219fa0d7904 -> 
  custom:scripting/monoscript/fileName/ScaleTweenProperty.cs: 068e501b322923caa36166fe86d472e5 -> 
  custom:video-decoder-ogg-theora: a1e56fd34408186e4bbccfd4996cb3dc -> 
  custom:scripting/monoscript/fileName/GoSpline.cs: 8039f73cfdc174dc6ffa15343c307f29 -> 
  custom:scripting/monoscript/fileName/GoTweenFlow.cs: ce7a11a1fb9e8397b83cab3847ba7970 -> 
  custom:scripting/monoscript/fileName/GoEaseQuartic.cs: d34853ce84f33fe9033901002d4ff793 -> 
  custom:framework-win-MediaFoundation: 216162199b28c13a410421893ffa2e32 -> 
  custom:scripting/monoscript/fileName/GoEaseBounce.cs: e71b365170d63025c159c4756b1910b2 -> 
  custom:scripting/monoscript/fileName/GoSplineQuadraticBezierSolver.cs: 44dee8c5fd496e5eb749f54d83d1397e -> 
  custom:scripting/monoscript/fileName/GoEaseQuadratic.cs: e3ed230c2d29b99c6f642587e4ad0e5d -> 
  custom:scripting/monoscript/fileName/MaterialColorTweenProperty.cs: f6d4ed9537ac95d7564838fa4e660e7d -> 
  custom:scripting/monoscript/fileName/GoEaseCircular.cs: 84a2009340e8431314db7056edf1bd68 -> 
  custom:scripting/monoscript/fileName/PositionPathTweenProperty.cs: efde40660de14fd7cd1ede2fa47e9837 -> 
  custom:video-encoder-webm-vp8: eb34c28f22e8b96e1ab97ce403110664 -> 
  custom:scripting/monoscript/fileName/FloatTweenProperty.cs: 48aea3a8bbe79ca6e0baa81dc186bdfd -> 
  custom:scripting/monoscript/fileName/GoTweenChain.cs: f9995827e6ddafabc43c1b0e0dcfd886 -> 
  custom:scripting/monoscript/fileName/GoTweenCollectionConfig.cs: 37c99bdc8dc674650bd69bc44bb2e57b -> 
  custom:audio-decoder-ogg-vorbis: bf7c407c2cedff20999df2af8eb42d56 -> 
  custom:scripting/monoscript/fileName/AbstractQuaternionTweenProperty.cs: 65ceda31db804ab1e0e34f0e48afa285 -> 
  custom:scripting/monoscript/fileName/AbstractColorTweenProperty.cs: bba0da230ed56fc0a25af92f6a3e377e -> 
  custom:scripting/monoscript/fileName/AbstractVector3TweenProperty.cs: 6aa4defef7531529f4ddc1516936e2e3 -> 
  custom:CustomObjectIndexerAttribute: 9a22284fe3817be447336de3de66b15e -> 
  custom:scripting/monoscript/fileName/Vector4TweenProperty.cs: 18bb73739ede80588b5bfadcee873907 -> 
  custom:scripting/monoscript/fileName/GoEaseBack.cs: 3f6e00793ada35f633abc2146480990e -> 
  custom:container-demuxer-webm: 4f35f7cbe854078d1ac9338744f61a02 -> 
  custom:scripting/monoscript/fileName/GoTweenConfig.cs: 5b3154c82824c20addf84e8652f51cfe -> 
  custom:scripting/monoscript/fileName/RotationQuaternionTweenProperty.cs: e0d94af0c913b0be4cd670833a2cda91 -> 
  custom:scripting/monoscript/fileName/GoTweenUtils.cs: 867d37edf69335bc6e54784197f28064 -> 
  custom:scripting/monoscript/fileName/GoSplineCubicBezierSolver.cs: 6d81419c64f7c334f4359254f1cbade0 -> 
  custom:audio-encoder-webm-vorbis: bf7c407c2cedff20999df2af8eb42d56 -> 
  custom:scripting/monoscript/fileName/ScalePathTweenProperty.cs: 816c1a788eca415c60d1b7e87fb103fe -> 
  custom:scripting/monoscript/fileName/GoEaseElastic.cs: f0cafb366ac4251d5c35fe413d3f62f6 -> 
  custom:scripting/monoscript/fileName/GoDummyPath.cs: a21201ab2fac2187e4faeaf08bb4ec90 -> 
  custom:scripting/monoscript/fileName/PositionTweenProperty.cs: e367a96b2cbc0b819bff5d0620f4b258 -> 
  custom:scripting/monoscript/fileName/Vector3TweenProperty.cs: 8e9f9d7bb7b15068d97f4d593f097c86 -> 
  custom:scripting/monoscript/fileName/AbstractGoTween.cs: 3bdc69e313ad58745cd33c4b74e6a709 -> 
  custom:scripting/monoscript/fileName/GoSplineStraightLineSolver.cs: b6a3907f2ead3ba9ac17ad3fdd121ec9 -> 
  custom:scripting/monoscript/fileName/AbstractGoTweenCollection.cs: 61d9f5f358696a7942516ed78ffe7e98 -> 
  custom:scripting/monoscript/fileName/Vector3PathTweenProperty.cs: 94848aa2e96060cfeaf83844ee158f0c -> 
  custom:scripting/monoscript/fileName/Vector3ZTweenProperty.cs: 35595634a87246c4e13691b1563178c5 -> 
  custom:scripting/monoscript/fileName/AbstractTweenProperty.cs: c71b2ece20cb4e1e30772e574c806625 -> 
  custom:container-muxer-webm: aa71ff27fc2769a1b78a27578f13a17b -> 
  custom:scripting/monoscript/fileName/AbstractGoSplineSolver.cs: 788a6b8052af6ee0371d3a464e692d1b -> 
  custom:scripting/monoscript/fileName/GoTween.cs: 4df5a8b9fefcbd8a2b5d6fe6223ee62f -> 
  custom:scripting/monoscript/fileName/RotationTweenProperty.cs: 13e7fbd741208cd89873755249a873a9 -> 
========================================================================
Received Prepare
Begin MonoManager ReloadAssembly
- Loaded All Assemblies, in  0.292 seconds
Refreshing native plugins compatible for Editor in 1.05 ms, found 1 plugins.
Native extension for WindowsStandalone target not found
Native extension for Android target not found
Mono: successfully reloaded assembly
- Finished resetting the current domain, in  0.392 seconds
Domain Reload Profiling: 684ms
	BeginReloadAssembly (115ms)
		ExecutionOrderSort (0ms)
		DisableScriptedObjects (4ms)
		BackupInstance (0ms)
		ReleaseScriptingObjects (0ms)
		CreateAndSetChildDomain (17ms)
	RebuildCommonClasses (22ms)
	RebuildNativeTypeToScriptingClass (11ms)
	initialDomainReloadingComplete (24ms)
	LoadAllAssembliesAndSetupDomain (119ms)
		LoadAssemblies (182ms)
		RebuildTransferFunctionScriptingTraits (0ms)
		AnalyzeDomain (9ms)
			TypeCache.Refresh (4ms)
				TypeCache.ScanAssembly (0ms)
			ScanForSourceGeneratedMonoScriptInfo (0ms)
			ResolveRequiredComponents (4ms)
	FinalizeReload (393ms)
		ReleaseScriptCaches (0ms)
		RebuildScriptCaches (0ms)
		SetupLoadedEditorAssemblies (182ms)
			LogAssemblyErrors (0ms)
			InitializePlatformSupportModulesInManaged (16ms)
			SetLoadedEditorAssemblies (2ms)
			RefreshPlugins (0ms)
			BeforeProcessingInitializeOnLoad (33ms)
			ProcessInitializeOnLoadAttributes (113ms)
			ProcessInitializeOnLoadMethodAttributes (16ms)
			AfterProcessingInitializeOnLoad (2ms)
			EditorAssembliesLoaded (0ms)
		ExecutionOrderSort2 (0ms)
		AwakeInstancesAfterBackupRestoration (5ms)
Refreshing native plugins compatible for Editor in 0.98 ms, found 1 plugins.
Preloading 0 native plugins for Editor in 0.00 ms.
Unloading 2320 Unused Serialized files (Serialized files now loaded: 0)
Unloading 21 unused Assets / (26.9 KB). Loaded Objects now: 2833.
Memory consumption went from 105.9 MB to 105.8 MB.
Total: 1.842200 ms (FindLiveObjects: 0.141800 ms CreateObjectMapping: 0.057600 ms MarkObjects: 1.608300 ms  DeleteObjects: 0.033800 ms)

Prepare: number of updated asset objects reloaded= 0
AssetImportParameters requested are different than current active one (requested -> active):
  custom:scripting/monoscript/fileName/GoSmoothedVector3.cs: 3a6ceb396859da913cbecdd1940e0aa2 -> 
  custom:scripting/monoscript/fileName/EulerAnglesTweenProperty.cs: 7a2321a8c63f28c3857aa33414a11270 -> 
  custom:video-decoder-webm-vp8: 9c59270c3fd7afecdb556c50c9e8de78 -> 
  custom:scripting/monoscript/fileName/IGenericProperty.cs: f404e27010d8ce1a25f7cc2ac06431ac -> 
  custom:scripting/monoscript/fileName/GoEaseSinusoidal.cs: e637d6b7456e2acd06dfd152f10b71d1 -> 
  custom:scripting/monoscript/fileName/GoSplineCatmullRomSolver.cs: 8bbd4e9dc2722b25540d14d500b88879 -> 
  custom:scripting/monoscript/fileName/IntTweenProperty.cs: 1f39418055dd7708ff3b9e75a86d93a1 -> 
  custom:scripting/monoscript/fileName/Vector3YTweenProperty.cs: 2b996e9222bddad772657bb084e9da48 -> 
  custom:scripting/monoscript/fileName/GoEaseQuintic.cs: 672086238d051af0856016e64ad97204 -> 
  custom:scripting/monoscript/fileName/GoEaseCubic.cs: 7d74fd43480e52f793e3086826193b77 -> 
  custom:SearchIndexIgnoredProperties: e643bd26f0fe6173181afceb89e7c659 -> 
  custom:scripting/monoscript/fileName/GoSmoothedQuaternion.cs: 92de95a3ce149743e526859a8d0255c5 -> 
  custom:container-demuxer-ogg: 62fdf1f143b41e24485cea50d1cbac27 -> 
  custom:AudioImporter_EditorPlatform: d09bf68614088b80899f8185d706f6e7 -> 
  custom:scripting/monoscript/fileName/ShakeTweenProperty.cs: fdb713005206085d3b49cdd6b2d15f80 -> 
  custom:scripting/monoscript/fileName/Vector2TweenProperty.cs: d7a25a544d56d947d9526019347f1f6e -> 
  custom:scripting/monoscript/fileName/GoKitTweenExtensions.cs: 28ee7421c4d34eb9c057646838e28859 -> 
  custom:scripting/monoscript/fileName/Vector3XTweenProperty.cs: 9592582ea2f541a8cf92ba7dd7dd85f2 -> 
  custom:scripting/monoscript/fileName/Go.cs: 840adb47e0f4be71eeea7168442feb7d -> 
  custom:scripting/monoscript/fileName/ColorTweenProperty.cs: 94ba4bee52d153d3fd58a82d4cf8ce0c -> 
  custom:scripting/monoscript/fileName/GoEaseLinear.cs: b690756fd76817f101a31dcd50ae4adc -> 
  custom:scripting/monoscript/fileName/GoEaseExponential.cs: 8f890ce1f0130e8014d1a219fa0d7904 -> 
  custom:scripting/monoscript/fileName/ScaleTweenProperty.cs: 068e501b322923caa36166fe86d472e5 -> 
  custom:video-decoder-ogg-theora: a1e56fd34408186e4bbccfd4996cb3dc -> 
  custom:scripting/monoscript/fileName/GoSpline.cs: 8039f73cfdc174dc6ffa15343c307f29 -> 
  custom:scripting/monoscript/fileName/GoTweenFlow.cs: ce7a11a1fb9e8397b83cab3847ba7970 -> 
  custom:scripting/monoscript/fileName/GoEaseQuartic.cs: d34853ce84f33fe9033901002d4ff793 -> 
  custom:framework-win-MediaFoundation: 216162199b28c13a410421893ffa2e32 -> 
  custom:scripting/monoscript/fileName/GoEaseBounce.cs: e71b365170d63025c159c4756b1910b2 -> 
  custom:scripting/monoscript/fileName/GoSplineQuadraticBezierSolver.cs: 44dee8c5fd496e5eb749f54d83d1397e -> 
  custom:scripting/monoscript/fileName/GoEaseQuadratic.cs: e3ed230c2d29b99c6f642587e4ad0e5d -> 
  custom:scripting/monoscript/fileName/MaterialColorTweenProperty.cs: f6d4ed9537ac95d7564838fa4e660e7d -> 
  custom:scripting/monoscript/fileName/GoEaseCircular.cs: 84a2009340e8431314db7056edf1bd68 -> 
  custom:scripting/monoscript/fileName/PositionPathTweenProperty.cs: efde40660de14fd7cd1ede2fa47e9837 -> 
  custom:video-encoder-webm-vp8: eb34c28f22e8b96e1ab97ce403110664 -> 
  custom:scripting/monoscript/fileName/FloatTweenProperty.cs: 48aea3a8bbe79ca6e0baa81dc186bdfd -> 
  custom:scripting/monoscript/fileName/GoTweenChain.cs: f9995827e6ddafabc43c1b0e0dcfd886 -> 
  custom:scripting/monoscript/fileName/GoTweenCollectionConfig.cs: 37c99bdc8dc674650bd69bc44bb2e57b -> 
  custom:audio-decoder-ogg-vorbis: bf7c407c2cedff20999df2af8eb42d56 -> 
  custom:scripting/monoscript/fileName/AbstractQuaternionTweenProperty.cs: 65ceda31db804ab1e0e34f0e48afa285 -> 
  custom:scripting/monoscript/fileName/AbstractColorTweenProperty.cs: bba0da230ed56fc0a25af92f6a3e377e -> 
  custom:scripting/monoscript/fileName/AbstractVector3TweenProperty.cs: 6aa4defef7531529f4ddc1516936e2e3 -> 
  custom:CustomObjectIndexerAttribute: 9a22284fe3817be447336de3de66b15e -> 
  custom:scripting/monoscript/fileName/Vector4TweenProperty.cs: 18bb73739ede80588b5bfadcee873907 -> 
  custom:scripting/monoscript/fileName/GoEaseBack.cs: 3f6e00793ada35f633abc2146480990e -> 
  custom:container-demuxer-webm: 4f35f7cbe854078d1ac9338744f61a02 -> 
  custom:scripting/monoscript/fileName/GoTweenConfig.cs: 5b3154c82824c20addf84e8652f51cfe -> 
  custom:scripting/monoscript/fileName/RotationQuaternionTweenProperty.cs: e0d94af0c913b0be4cd670833a2cda91 -> 
  custom:scripting/monoscript/fileName/GoTweenUtils.cs: 867d37edf69335bc6e54784197f28064 -> 
  custom:scripting/monoscript/fileName/GoSplineCubicBezierSolver.cs: 6d81419c64f7c334f4359254f1cbade0 -> 
  custom:audio-encoder-webm-vorbis: bf7c407c2cedff20999df2af8eb42d56 -> 
  custom:scripting/monoscript/fileName/ScalePathTweenProperty.cs: 816c1a788eca415c60d1b7e87fb103fe -> 
  custom:scripting/monoscript/fileName/GoEaseElastic.cs: f0cafb366ac4251d5c35fe413d3f62f6 -> 
  custom:scripting/monoscript/fileName/GoDummyPath.cs: a21201ab2fac2187e4faeaf08bb4ec90 -> 
  custom:scripting/monoscript/fileName/PositionTweenProperty.cs: e367a96b2cbc0b819bff5d0620f4b258 -> 
  custom:scripting/monoscript/fileName/Vector3TweenProperty.cs: 8e9f9d7bb7b15068d97f4d593f097c86 -> 
  custom:scripting/monoscript/fileName/AbstractGoTween.cs: 3bdc69e313ad58745cd33c4b74e6a709 -> 
  custom:scripting/monoscript/fileName/GoSplineStraightLineSolver.cs: b6a3907f2ead3ba9ac17ad3fdd121ec9 -> 
  custom:scripting/monoscript/fileName/AbstractGoTweenCollection.cs: 61d9f5f358696a7942516ed78ffe7e98 -> 
  custom:scripting/monoscript/fileName/Vector3PathTweenProperty.cs: 94848aa2e96060cfeaf83844ee158f0c -> 
  custom:scripting/monoscript/fileName/Vector3ZTweenProperty.cs: 35595634a87246c4e13691b1563178c5 -> 
  custom:scripting/monoscript/fileName/AbstractTweenProperty.cs: c71b2ece20cb4e1e30772e574c806625 -> 
  custom:container-muxer-webm: aa71ff27fc2769a1b78a27578f13a17b -> 
  custom:scripting/monoscript/fileName/AbstractGoSplineSolver.cs: 788a6b8052af6ee0371d3a464e692d1b -> 
  custom:scripting/monoscript/fileName/GoTween.cs: 4df5a8b9fefcbd8a2b5d6fe6223ee62f -> 
  custom:scripting/monoscript/fileName/RotationTweenProperty.cs: 13e7fbd741208cd89873755249a873a9 -> 
========================================================================
Received Import Request.
  Time since last request: 31.210760 seconds.
  path: Assets/Plugins/Demigiant/DemiLib/Core/Editor/Imgs/whiteDot.png
  artifactKey: Guid(ed7cb8f9a27664e48896c904189f0e2c) Importer(815301076,1909f56bfc062723c751e8b465ee728b)
Start importing Assets/Plugins/Demigiant/DemiLib/Core/Editor/Imgs/whiteDot.png using Guid(ed7cb8f9a27664e48896c904189f0e2c) Importer(815301076,1909f56bfc062723c751e8b465ee728b)  -> (artifact id: '63ef0d415bc15d5c2fa19ef883ae69a1') in 0.042363 seconds
Number of updated asset objects reloaded before import = 0
Number of asset objects unloaded after import = 2
========================================================================
Received Import Request.
  Time since last request: 0.000015 seconds.
  path: Assets/Plugins/Demigiant/DemiLib/Core/Editor/Imgs/whiteSquareAlpha25.png
  artifactKey: Guid(511f6b24c50557a40a09633b12b8b8ef) Importer(815301076,1909f56bfc062723c751e8b465ee728b)
Start importing Assets/Plugins/Demigiant/DemiLib/Core/Editor/Imgs/whiteSquareAlpha25.png using Guid(511f6b24c50557a40a09633b12b8b8ef) Importer(815301076,1909f56bfc062723c751e8b465ee728b)  -> (artifact id: '8985dc5698d8f321b0adc956d7b998ca') in 0.009169 seconds
Number of updated asset objects reloaded before import = 0
Number of asset objects unloaded after import = 2
========================================================================
Received Import Request.
  Time since last request: 0.000015 seconds.
  path: Assets/Plugins/Demigiant/DemiLib/Core/Editor/Imgs/whiteSquareAlpha10.png
  artifactKey: Guid(93b68213089b05943a651574eb7e2fb5) Importer(815301076,1909f56bfc062723c751e8b465ee728b)
Start importing Assets/Plugins/Demigiant/DemiLib/Core/Editor/Imgs/whiteSquareAlpha10.png using Guid(93b68213089b05943a651574eb7e2fb5) Importer(815301076,1909f56bfc062723c751e8b465ee728b)  -> (artifact id: '4670c8c607e49f14c01dd261881867c7') in 0.008932 seconds
Number of updated asset objects reloaded before import = 0
Number of asset objects unloaded after import = 2
========================================================================
Received Import Request.
  Time since last request: 0.000016 seconds.
  path: Assets/Plugins/Demigiant/DemiLib/Core/Editor/Imgs/whiteSquareAlpha80.png
  artifactKey: Guid(11848dd30e516d846a02cd302634d317) Importer(815301076,1909f56bfc062723c751e8b465ee728b)
Start importing Assets/Plugins/Demigiant/DemiLib/Core/Editor/Imgs/whiteSquareAlpha80.png using Guid(11848dd30e516d846a02cd302634d317) Importer(815301076,1909f56bfc062723c751e8b465ee728b)  -> (artifact id: 'f6b2a9829f4981a13af9a4b5941fbb66') in 0.004832 seconds
Number of updated asset objects reloaded before import = 0
Number of asset objects unloaded after import = 2
Editor requested this worker to shutdown with reason: Scaling down because of idle timeout
TcpMessagingSession - receive error: operation aborted. errorcode: 995, details: The I/O operation has been aborted because of either a thread exit or an application request.
AssetImportWorker is now disconnected from the server
Process exiting
Exiting without the bug reporter. Application will terminate with return code 0